{"obj": {"type": "AssignString", "path": ["sys", "name"], "value": "biirt-active,10,eedi-3"}, "version": 1, "at": 1760576492.7598965}
{"obj": {"type": "AssignString", "path": ["sys", "description"], "value": ""}, "version": 2, "at": 1760576492.7600095}
{"obj": {"type": "AssignString", "path": ["monitoring", "675ea49e", "hostname"], "value": "olin21024030"}, "version": 3, "at": 1760576492.7600696}
{"obj": {"type": "AssignString", "path": ["sys", "hostname"], "value": "olin21024030"}, "version": 4, "at": 1760576492.76012}
{"obj": {"type": "AssignString", "path": ["monitoring", "675ea49e", "pid"], "value": "178692"}, "version": 5, "at": 1760576492.7601662}
{"obj": {"type": "AssignString", "path": ["monitoring", "675ea49e", "tid"], "value": "124066755874816"}, "version": 6, "at": 1760576492.7602105}
{"obj": {"type": "AssignBool", "path": ["sys", "failed"], "value": false}, "version": 7, "at": 1760576492.7602453}
{"obj": {"type": "ClearStringLog", "path": ["monitoring", "675ea49e", "stdout"]}, "version": 8, "at": 1760576492.7603054}
{"obj": {"type": "ClearStringLog", "path": ["monitoring", "675ea49e", "stderr"]}, "version": 9, "at": 1760576492.7603443}
{"obj": {"type": "AssignString", "path": ["source_code", "entrypoint"], "value": "train.py"}, "version": 10, "at": 1760576492.7604635}
{"obj": {"type": "UploadFileSet", "path": ["source_code", "files"], "file_globs": ["/home/leen2/Documents/BOBCAT/train.py"], "reset": "False"}, "version": 11, "at": 1760576492.7605057}
{"obj": {"type": "UploadFile", "path": ["source_code", "diff"], "ext": "patch", "file_path": null, "tmp_file_name": "source_code_diff-1760576492.767922-2025-10-15_20.01.32.767922.patch", "clean_after_upload": false}, "version": 12, "at": 1760576492.7682483}
{"obj": {"type": "ConfigFloatSeries", "path": ["monitoring", "675ea49e", "cpu"], "min": 0.0, "max": 100.0, "unit": "%"}, "version": 13, "at": 1760576492.7998238}
{"obj": {"type": "ClearFloatLog", "path": ["monitoring", "675ea49e", "cpu"]}, "version": 14, "at": 1760576492.7998683}
{"obj": {"type": "ConfigFloatSeries", "path": ["monitoring", "675ea49e", "memory"], "min": 0.0, "max": 15.310379028320312, "unit": "GB"}, "version": 15, "at": 1760576492.7999077}
{"obj": {"type": "ClearFloatLog", "path": ["monitoring", "675ea49e", "memory"]}, "version": 16, "at": 1760576492.7999232}
{"obj": {"type": "ConfigFloatSeries", "path": ["monitoring", "675ea49e", "gpu"], "min": 0.0, "max": 100.0, "unit": "%"}, "version": 17, "at": 1760576492.7999518}
{"obj": {"type": "ClearFloatLog", "path": ["monitoring", "675ea49e", "gpu"]}, "version": 18, "at": 1760576492.7999654}
{"obj": {"type": "ConfigFloatSeries", "path": ["monitoring", "675ea49e", "gpu_memory"], "min": 0.0, "max": 11.994140625, "unit": "GB"}, "version": 19, "at": 1760576492.7999923}
{"obj": {"type": "ClearFloatLog", "path": ["monitoring", "675ea49e", "gpu_memory"]}, "version": 20, "at": 1760576492.8000064}
{"obj": {"type": "ConfigFloatSeries", "path": ["monitoring", "675ea49e", "gpu_power"], "min": 0.0, "max": 70, "unit": "W"}, "version": 21, "at": 1760576492.8000367}
{"obj": {"type": "ClearFloatLog", "path": ["monitoring", "675ea49e", "gpu_power"]}, "version": 22, "at": 1760576492.8000503}
{"obj": {"type": "AssignString", "path": ["parameters", "model"], "value": "biirt-active"}, "version": 23, "at": 1760576492.8004534}
{"obj": {"type": "AssignString", "path": ["parameters", "name"], "value": "demo"}, "version": 24, "at": 1760576492.8004901}
{"obj": {"type": "AssignInt", "path": ["parameters", "hidden_dim"], "value": 1024}, "version": 25, "at": 1760576492.8005466}
{"obj": {"type": "AssignInt", "path": ["parameters", "question_dim"], "value": 4}, "version": 26, "at": 1760576492.8005714}
{"obj": {"type": "AssignFloat", "path": ["parameters", "lr"], "value": 0.0001}, "version": 27, "at": 1760576492.8006167}
{"obj": {"type": "AssignFloat", "path": ["parameters", "meta_lr"], "value": 0.0001}, "version": 28, "at": 1760576492.800656}
{"obj": {"type": "AssignFloat", "path": ["parameters", "inner_lr"], "value": 0.1}, "version": 29, "at": 1760576492.8006866}
{"obj": {"type": "AssignInt", "path": ["parameters", "inner_loop"], "value": 5}, "version": 30, "at": 1760576492.8007119}
{"obj": {"type": "AssignFloat", "path": ["parameters", "policy_lr"], "value": 0.002}, "version": 31, "at": 1760576492.8007343}
{"obj": {"type": "AssignFloat", "path": ["parameters", "dropout"], "value": 0.5}, "version": 32, "at": 1760576492.800757}
{"obj": {"type": "AssignString", "path": ["parameters", "dataset"], "value": "eedi-3"}, "version": 33, "at": 1760576492.8008115}
{"obj": {"type": "AssignInt", "path": ["parameters", "fold"], "value": 1}, "version": 34, "at": 1760576492.8008423}
{"obj": {"type": "AssignInt", "path": ["parameters", "n_query"], "value": 10}, "version": 35, "at": 1760576492.8008952}
{"obj": {"type": "AssignInt", "path": ["parameters", "seed"], "value": 221}, "version": 36, "at": 1760576492.8009763}
{"obj": {"type": "AssignBool", "path": ["parameters", "use_cuda"], "value": true}, "version": 37, "at": 1760576492.8010025}
{"obj": {"type": "AssignBool", "path": ["parameters", "save"], "value": false}, "version": 38, "at": 1760576492.8010259}
{"obj": {"type": "AssignBool", "path": ["parameters", "neptune"], "value": true}, "version": 39, "at": 1760576492.8010473}
{"obj": {"type": "AssignInt", "path": ["parameters", "n_question"], "value": 948}, "version": 40, "at": 1760576492.801068}
{"obj": {"type": "AssignInt", "path": ["parameters", "train_batch_size"], "value": 512}, "version": 41, "at": 1760576492.8010914}
{"obj": {"type": "AssignInt", "path": ["parameters", "test_batch_size"], "value": 1000}, "version": 42, "at": 1760576492.8011165}
{"obj": {"type": "AssignInt", "path": ["parameters", "n_epoch"], "value": 10000}, "version": 43, "at": 1760576492.8011384}
{"obj": {"type": "AssignInt", "path": ["parameters", "wait"], "value": 1000}, "version": 44, "at": 1760576492.8011596}
{"obj": {"type": "AssignInt", "path": ["parameters", "repeat"], "value": 5}, "version": 45, "at": 1760576492.8011801}
{"obj": {"type": "LogFloats", "path": ["monitoring", "675ea49e", "memory"], "values": [{"value": 6.2719879150390625, "step": null, "ts": 1760576492.8001883}]}, "version": 46, "at": 1760576492.801501}
{"obj": {"type": "LogFloats", "path": ["monitoring", "675ea49e", "gpu_memory"], "values": [{"value": 0.25360107421875, "step": null, "ts": 1760576492.8001883}]}, "version": 47, "at": 1760576492.8015966}
{"obj": {"type": "LogFloats", "path": ["monitoring", "675ea49e", "gpu_power"], "values": [{"value": 11.105, "step": null, "ts": 1760576492.8001883}]}, "version": 48, "at": 1760576492.8016593}
{"obj": {"type": "AssignString", "path": ["model", "summary"], "value": "MAMLModel(\n  (sigmoid): Sigmoid()\n)"}, "version": 49, "at": 1760576493.3177598}
{"obj": {"type": "LogStrings", "path": ["monitoring", "675ea49e", "stdout"], "values": [{"value": "MAMLModel(\n  (sigmoid): Sigmoid()\n)", "step": null, "ts": 1760576493.318049}]}, "version": 50, "at": 1760576493.318089}
{"obj": {"type": "LogStrings", "path": ["monitoring", "675ea49e", "stdout"], "values": [{"value": "\n", "step": null, "ts": 1760576493.318198}]}, "version": 51, "at": 1760576493.3182118}
{"obj": {"type": "LogStrings", "path": ["monitoring", "675ea49e", "stdout"], "values": [{"value": "DATA PATH: data/train_task_eedi-3.json", "step": null, "ts": 1760576493.3182712}]}, "version": 52, "at": 1760576493.3182821}
{"obj": {"type": "LogStrings", "path": ["monitoring", "675ea49e", "stdout"], "values": [{"value": "\n", "step": null, "ts": 1760576493.318335}]}, "version": 53, "at": 1760576493.3183455}
{"obj": {"type": "LogStrings", "path": ["monitoring", "675ea49e", "stdout"], "values": [{"value": "First data point keys: ['q_ids', 'labels']", "step": null, "ts": 1760576494.6292763}]}, "version": 54, "at": 1760576494.6293156}
{"obj": {"type": "LogStrings", "path": ["monitoring", "675ea49e", "stdout"], "values": [{"value": "\n", "step": null, "ts": 1760576494.629904}]}, "version": 55, "at": 1760576494.6299212}
{"obj": {"type": "LogStrings", "path": ["monitoring", "675ea49e", "stdout"], "values": [{"value": "First data point keys: ['q_ids', 'labels']", "step": null, "ts": 1760576494.6300893}]}, "version": 56, "at": 1760576494.6301029}
{"obj": {"type": "LogStrings", "path": ["monitoring", "675ea49e", "stdout"], "values": [{"value": "\n", "step": null, "ts": 1760576494.6301973}]}, "version": 57, "at": 1760576494.6302125}
{"obj": {"type": "LogStrings", "path": ["monitoring", "675ea49e", "stdout"], "values": [{"value": "First data point keys: ['q_ids', 'labels']", "step": null, "ts": 1760576494.630308}]}, "version": 58, "at": 1760576494.6303186}
{"obj": {"type": "LogStrings", "path": ["monitoring", "675ea49e", "stdout"], "values": [{"value": "\n", "step": null, "ts": 1760576494.6303723}]}, "version": 59, "at": 1760576494.6303823}
{"obj": {"type": "LogFloats", "path": ["monitoring", "675ea49e", "cpu"], "values": [{"value": 5.4, "step": null, "ts": 1760576494.6458776}]}, "version": 60, "at": 1760576494.6557028}
{"obj": {"type": "LogFloats", "path": ["monitoring", "675ea49e", "memory"], "values": [{"value": 6.862007141113281, "step": null, "ts": 1760576494.6458776}]}, "version": 61, "at": 1760576494.6558688}
{"obj": {"type": "LogFloats", "path": ["monitoring", "675ea49e", "gpu_memory"], "values": [{"value": 0.351318359375, "step": null, "ts": 1760576494.6458776}]}, "version": 62, "at": 1760576494.6559346}
{"obj": {"type": "LogFloats", "path": ["monitoring", "675ea49e", "gpu_power"], "values": [{"value": 22.754, "step": null, "ts": 1760576494.6458776}]}, "version": 63, "at": 1760576494.655994}
{"obj": {"type": "LogFloats", "path": ["monitoring", "675ea49e", "cpu"], "values": [{"value": 2.0, "step": null, "ts": 1760576495.023745}]}, "version": 64, "at": 1760576495.0295281}
{"obj": {"type": "LogFloats", "path": ["monitoring", "675ea49e", "memory"], "values": [{"value": 6.869152069091797, "step": null, "ts": 1760576495.023745}]}, "version": 65, "at": 1760576495.0296557}
{"obj": {"type": "LogFloats", "path": ["monitoring", "675ea49e", "gpu_memory"], "values": [{"value": 0.351318359375, "step": null, "ts": 1760576495.023745}]}, "version": 66, "at": 1760576495.0297139}
{"obj": {"type": "LogFloats", "path": ["monitoring", "675ea49e", "gpu_power"], "values": [{"value": 22.968, "step": null, "ts": 1760576495.023745}]}, "version": 67, "at": 1760576495.0297608}
{"obj": {"type": "LogFloats", "path": ["monitoring", "675ea49e", "cpu"], "values": [{"value": 3.1, "step": null, "ts": 1760576495.320977}]}, "version": 68, "at": 1760576495.3235905}
{"obj": {"type": "LogFloats", "path": ["monitoring", "675ea49e", "memory"], "values": [{"value": 6.885002136230469, "step": null, "ts": 1760576495.320977}]}, "version": 69, "at": 1760576495.3237221}
{"obj": {"type": "LogFloats", "path": ["monitoring", "675ea49e", "gpu_memory"], "values": [{"value": 0.351318359375, "step": null, "ts": 1760576495.320977}]}, "version": 70, "at": 1760576495.3237748}
{"obj": {"type": "LogFloats", "path": ["monitoring", "675ea49e", "gpu_power"], "values": [{"value": 22.968, "step": null, "ts": 1760576495.320977}]}, "version": 71, "at": 1760576495.323824}
{"obj": {"type": "LogStrings", "path": ["monitoring", "675ea49e", "traceback"], "values": [{"value": "An uncaught exception occurred while run was active on worker olin21024030.", "step": null, "ts": 1760576495.3261409}, {"value": "Marking run as failed", "step": null, "ts": 1760576495.3261409}, {"value": "Traceback:", "step": null, "ts": 1760576495.3261409}, {"value": "  File \"/home/leen2/Documents/BOBCAT/train.py\", line 393, in <module>\n    train_model()\n", "step": null, "ts": 1760576495.3261409}, {"value": "  File \"/home/leen2/Documents/BOBCAT/train.py\", line 242, in train_model\n    for batch in train_loader:\n", "step": null, "ts": 1760576495.3261409}, {"value": "  File \"/home/leen2/Documents/BOBCAT/env/lib/python3.10/site-packages/torch/utils/data/dataloader.py\", line 734, in __next__\n    data = self._next_data()\n", "step": null, "ts": 1760576495.3261409}, {"value": "  File \"/home/leen2/Documents/BOBCAT/env/lib/python3.10/site-packages/torch/utils/data/dataloader.py\", line 1516, in _next_data\n    return self._process_data(data, worker_id)\n", "step": null, "ts": 1760576495.3261409}, {"value": "  File \"/home/leen2/Documents/BOBCAT/env/lib/python3.10/site-packages/torch/utils/data/dataloader.py\", line 1551, in _process_data\n    data.reraise()\n", "step": null, "ts": 1760576495.3261409}, {"value": "  File \"/home/leen2/Documents/BOBCAT/env/lib/python3.10/site-packages/torch/_utils.py\", line 769, in reraise\n    raise exception\n", "step": null, "ts": 1760576495.3261409}, {"value": "Caught KeyError in DataLoader worker process 0.", "step": null, "ts": 1760576495.3261409}]}, "version": 72, "at": 1760576495.3261878}
{"obj": {"type": "LogStrings", "path": ["monitoring", "675ea49e", "traceback"], "values": [{"value": "Original Traceback (most recent call last):", "step": null, "ts": 1760576495.3261409}, {"value": "  File \"/home/leen2/Documents/BOBCAT/env/lib/python3.10/site-packages/torch/utils/data/_utils/worker.py\", line 349, in _worker_loop", "step": null, "ts": 1760576495.3261409}, {"value": "    data = fetcher.fetch(index)  # type: ignore[possibly-undefined]", "step": null, "ts": 1760576495.3261409}, {"value": "  File \"/home/leen2/Documents/BOBCAT/env/lib/python3.10/site-packages/torch/utils/data/_utils/fetch.py\", line 52, in fetch", "step": null, "ts": 1760576495.3261409}, {"value": "    data = [self.dataset[idx] for idx in possibly_batched_index]", "step": null, "ts": 1760576495.3261409}, {"value": "  File \"/home/leen2/Documents/BOBCAT/env/lib/python3.10/site-packages/torch/utils/data/_utils/fetch.py\", line 52, in <listcomp>", "step": null, "ts": 1760576495.3261409}, {"value": "    data = [self.dataset[idx] for idx in possibly_batched_index]", "step": null, "ts": 1760576495.3261409}, {"value": "  File \"/home/leen2/Documents/BOBCAT/dataset.py\", line 46, in __getitem__", "step": null, "ts": 1760576495.3261409}, {"value": "    'user_id': data['user_id'],  'all_q_ids': data['q_ids'],  'all_subject_ids': data['subject_ids'] }", "step": null, "ts": 1760576495.3261409}, {"value": "KeyError: 'user_id'", "step": null, "ts": 1760576495.3261409}]}, "version": 73, "at": 1760576495.3262775}
{"obj": {"type": "LogStrings", "path": ["monitoring", "675ea49e", "traceback"], "values": [{"value": "", "step": null, "ts": 1760576495.3261409}]}, "version": 74, "at": 1760576495.3263183}
{"obj": {"type": "AssignBool", "path": ["sys", "failed"], "value": true}, "version": 75, "at": 1760576495.3264015}
{"obj": {"type": "LogStrings", "path": ["monitoring", "675ea49e", "stderr"], "values": [{"value": "Traceback (most recent call last):\n  File \"/home/leen2/Documents/BOBCAT/train.py\", line 393, in <module>\n    train_model()\n  File \"/home/leen2/Documents/BOBCAT/train.py\", line 242, in train_model\n    for batch in train_loader:\n  File \"/home/leen2/Documents/BOBCAT/env/lib/python3.10/site-packages/torch/utils/data/dataloader.py\", line 734, in __next__\n    data = self._next_data()\n  File \"/home/leen2/Documents/BOBCAT/env/lib/python3.10/site-packages/torch/utils/data/dataloader.py\", line 1516, in _next_data\n    return self._process_data(data, worker_id)\n  File \"/home/leen2/Documents/BOBCAT/env/lib/python3.10/site-packages/torch/utils/data/dataloader.py\", line 1551, in _process_data\n    data.reraise()\n  File \"/home/leen2/Documents/BOBCAT/env/lib/python3.10/site-packages/torch/_utils.py\", line 769, in reraise\n    raise exception\nKeyError: Caught KeyError in DataLoader worker process 0.\nOriginal Traceback (most recent call last):\n  File \"/home/leen2/Documents/BOBCAT/env/lib/python3.10/site-pa", "step": null, "ts": 1760576495.326945}]}, "version": 76, "at": 1760576495.3273182}
{"obj": {"type": "LogStrings", "path": ["monitoring", "675ea49e", "stdout"], "values": [{"value": "[neptune] [warning] Warning: string series 'monitoring/675ea49e/stderr' value was longer than 1000 characters and was truncated. This warning is printed only once per series.\n", "step": null, "ts": 1760576495.327605}]}, "version": 77, "at": 1760576495.3276362}
{"obj": {"type": "LogStrings", "path": ["monitoring", "675ea49e", "stdout"], "values": [{"value": "[neptune] [info   ] Shutting down background jobs, please wait a moment...\n", "step": null, "ts": 1760576495.3282952}]}, "version": 78, "at": 1760576495.3283143}
